/home/kavia/workspace/code-generation/scaletaskpro-114468-aa566322/fastapi_backend_workspace/fastapi_backend/venv/lib/python3.12/site-packages/pydantic/_internal/_config.py:373: UserWarning: Valid config keys have changed in V2:
* 'orm_mode' has been renamed to 'from_attributes'
  warnings.warn(message, UserWarning)
INFO:     Started server process [3621]
INFO:     Waiting for application startup.
INFO:     Application startup complete.
INFO:     Uvicorn running on http://0.0.0.0:3001 (Press CTRL+C to quit)
INFO:     100.64.4.167:56656 - "GET /docs HTTP/1.1" 200 OK
INFO:     100.64.4.167:56660 - "GET /openapi.json HTTP/1.1" 200 OK
INFO:     100.64.4.167:37772 - "GET /health/db HTTP/1.1" 500 Internal Server Error
ERROR:    Exception in ASGI application
Traceback (most recent call last):
  File "/home/kavia/workspace/code-generation/scaletaskpro-114468-aa566322/fastapi_backend_workspace/fastapi_backend/venv/lib/python3.12/site-packages/uvicorn/protocols/http/httptools_impl.py", line 409, in run_asgi
    result = await app(  # type: ignore[func-returns-value]
             ^^^^^^^^^^^^^^^^^^^^^^^^^^^^^^^^^^^^^^^^^^^^^^
  File "/home/kavia/workspace/code-generation/scaletaskpro-114468-aa566322/fastapi_backend_workspace/fastapi_backend/venv/lib/python3.12/site-packages/uvicorn/middleware/proxy_headers.py", line 60, in __call__
    return await self.app(scope, receive, send)
           ^^^^^^^^^^^^^^^^^^^^^^^^^^^^^^^^^^^^
  File "/home/kavia/workspace/code-generation/scaletaskpro-114468-aa566322/fastapi_backend_workspace/fastapi_backend/venv/lib/python3.12/site-packages/fastapi/applications.py", line 1054, in __call__
    await super().__call__(scope, receive, send)
  File "/home/kavia/workspace/code-generation/scaletaskpro-114468-aa566322/fastapi_backend_workspace/fastapi_backend/venv/lib/python3.12/site-packages/starlette/applications.py", line 112, in __call__
    await self.middleware_stack(scope, receive, send)
  File "/home/kavia/workspace/code-generation/scaletaskpro-114468-aa566322/fastapi_backend_workspace/fastapi_backend/venv/lib/python3.12/site-packages/starlette/middleware/errors.py", line 187, in __call__
    raise exc
  File "/home/kavia/workspace/code-generation/scaletaskpro-114468-aa566322/fastapi_backend_workspace/fastapi_backend/venv/lib/python3.12/site-packages/starlette/middleware/errors.py", line 165, in __call__
    await self.app(scope, receive, _send)
  File "/home/kavia/workspace/code-generation/scaletaskpro-114468-aa566322/fastapi_backend_workspace/fastapi_backend/venv/lib/python3.12/site-packages/starlette/middleware/cors.py", line 85, in __call__
    await self.app(scope, receive, send)
  File "/home/kavia/workspace/code-generation/scaletaskpro-114468-aa566322/fastapi_backend_workspace/fastapi_backend/venv/lib/python3.12/site-packages/starlette/middleware/exceptions.py", line 62, in __call__
    await wrap_app_handling_exceptions(self.app, conn)(scope, receive, send)
  File "/home/kavia/workspace/code-generation/scaletaskpro-114468-aa566322/fastapi_backend_workspace/fastapi_backend/venv/lib/python3.12/site-packages/starlette/_exception_handler.py", line 53, in wrapped_app
    raise exc
  File "/home/kavia/workspace/code-generation/scaletaskpro-114468-aa566322/fastapi_backend_workspace/fastapi_backend/venv/lib/python3.12/site-packages/starlette/_exception_handler.py", line 42, in wrapped_app
    await app(scope, receive, sender)
  File "/home/kavia/workspace/code-generation/scaletaskpro-114468-aa566322/fastapi_backend_workspace/fastapi_backend/venv/lib/python3.12/site-packages/starlette/routing.py", line 714, in __call__
    await self.middleware_stack(scope, receive, send)
  File "/home/kavia/workspace/code-generation/scaletaskpro-114468-aa566322/fastapi_backend_workspace/fastapi_backend/venv/lib/python3.12/site-packages/starlette/routing.py", line 734, in app
    await route.handle(scope, receive, send)
  File "/home/kavia/workspace/code-generation/scaletaskpro-114468-aa566322/fastapi_backend_workspace/fastapi_backend/venv/lib/python3.12/site-packages/starlette/routing.py", line 288, in handle
    await self.app(scope, receive, send)
  File "/home/kavia/workspace/code-generation/scaletaskpro-114468-aa566322/fastapi_backend_workspace/fastapi_backend/venv/lib/python3.12/site-packages/starlette/routing.py", line 76, in app
    await wrap_app_handling_exceptions(app, request)(scope, receive, send)
  File "/home/kavia/workspace/code-generation/scaletaskpro-114468-aa566322/fastapi_backend_workspace/fastapi_backend/venv/lib/python3.12/site-packages/starlette/_exception_handler.py", line 53, in wrapped_app
    raise exc
  File "/home/kavia/workspace/code-generation/scaletaskpro-114468-aa566322/fastapi_backend_workspace/fastapi_backend/venv/lib/python3.12/site-packages/starlette/_exception_handler.py", line 42, in wrapped_app
    await app(scope, receive, sender)
  File "/home/kavia/workspace/code-generation/scaletaskpro-114468-aa566322/fastapi_backend_workspace/fastapi_backend/venv/lib/python3.12/site-packages/starlette/routing.py", line 73, in app
    response = await f(request)
               ^^^^^^^^^^^^^^^^
  File "/home/kavia/workspace/code-generation/scaletaskpro-114468-aa566322/fastapi_backend_workspace/fastapi_backend/venv/lib/python3.12/site-packages/fastapi/routing.py", line 301, in app
    raw_response = await run_endpoint_function(
                   ^^^^^^^^^^^^^^^^^^^^^^^^^^^^
  File "/home/kavia/workspace/code-generation/scaletaskpro-114468-aa566322/fastapi_backend_workspace/fastapi_backend/venv/lib/python3.12/site-packages/fastapi/routing.py", line 214, in run_endpoint_function
    return await run_in_threadpool(dependant.call, **values)
           ^^^^^^^^^^^^^^^^^^^^^^^^^^^^^^^^^^^^^^^^^^^^^^^^^
  File "/home/kavia/workspace/code-generation/scaletaskpro-114468-aa566322/fastapi_backend_workspace/fastapi_backend/venv/lib/python3.12/site-packages/starlette/concurrency.py", line 37, in run_in_threadpool
    return await anyio.to_thread.run_sync(func)
           ^^^^^^^^^^^^^^^^^^^^^^^^^^^^^^^^^^^^
  File "/home/kavia/workspace/code-generation/scaletaskpro-114468-aa566322/fastapi_backend_workspace/fastapi_backend/venv/lib/python3.12/site-packages/anyio/to_thread.py", line 56, in run_sync
    return await get_async_backend().run_sync_in_worker_thread(
           ^^^^^^^^^^^^^^^^^^^^^^^^^^^^^^^^^^^^^^^^^^^^^^^^^^^^
  File "/home/kavia/workspace/code-generation/scaletaskpro-114468-aa566322/fastapi_backend_workspace/fastapi_backend/venv/lib/python3.12/site-packages/anyio/_backends/_asyncio.py", line 2470, in run_sync_in_worker_thread
    return await future
           ^^^^^^^^^^^^
  File "/home/kavia/workspace/code-generation/scaletaskpro-114468-aa566322/fastapi_backend_workspace/fastapi_backend/venv/lib/python3.12/site-packages/anyio/_backends/_asyncio.py", line 967, in run
    result = context.run(func, *args)
             ^^^^^^^^^^^^^^^^^^^^^^^^
  File "/home/kavia/workspace/code-generation/scaletaskpro-114468-aa566322/fastapi_backend_workspace/fastapi_backend/src/api/routers/health.py", line 40, in db_health_check
    db.execute("SELECT 1")
  File "/home/kavia/workspace/code-generation/scaletaskpro-114468-aa566322/fastapi_backend_workspace/fastapi_backend/venv/lib/python3.12/site-packages/sqlalchemy/orm/session.py", line 2351, in execute
    return self._execute_internal(
           ^^^^^^^^^^^^^^^^^^^^^^^
  File "/home/kavia/workspace/code-generation/scaletaskpro-114468-aa566322/fastapi_backend_workspace/fastapi_backend/venv/lib/python3.12/site-packages/sqlalchemy/orm/session.py", line 2134, in _execute_internal
    statement = coercions.expect(roles.StatementRole, statement)
                ^^^^^^^^^^^^^^^^^^^^^^^^^^^^^^^^^^^^^^^^^^^^^^^^
  File "/home/kavia/workspace/code-generation/scaletaskpro-114468-aa566322/fastapi_backend_workspace/fastapi_backend/venv/lib/python3.12/site-packages/sqlalchemy/sql/coercions.py", line 396, in expect
    resolved = impl._literal_coercion(
               ^^^^^^^^^^^^^^^^^^^^^^^
  File "/home/kavia/workspace/code-generation/scaletaskpro-114468-aa566322/fastapi_backend_workspace/fastapi_backend/venv/lib/python3.12/site-packages/sqlalchemy/sql/coercions.py", line 621, in _literal_coercion
    return self._text_coercion(element, argname, **kw)
           ^^^^^^^^^^^^^^^^^^^^^^^^^^^^^^^^^^^^^^^^^^^
  File "/home/kavia/workspace/code-generation/scaletaskpro-114468-aa566322/fastapi_backend_workspace/fastapi_backend/venv/lib/python3.12/site-packages/sqlalchemy/sql/coercions.py", line 614, in _text_coercion
    return _no_text_coercion(element, argname)
           ^^^^^^^^^^^^^^^^^^^^^^^^^^^^^^^^^^^
  File "/home/kavia/workspace/code-generation/scaletaskpro-114468-aa566322/fastapi_backend_workspace/fastapi_backend/venv/lib/python3.12/site-packages/sqlalchemy/sql/coercions.py", line 584, in _no_text_coercion
    raise exc_cls(
sqlalchemy.exc.ArgumentError: Textual SQL expression 'SELECT 1' should be explicitly declared as text('SELECT 1')
