
> react-kavia@0.1.0 start
> react-scripts start

Attempting to bind to HOST environment variable: 0.0.0.0
If this was unintentional, check that you haven't mistakenly set it in your shell.
Learn more here: https://cra.link/advanced-config

(node:18532) [DEP_WEBPACK_DEV_SERVER_ON_AFTER_SETUP_MIDDLEWARE] DeprecationWarning: 'onAfterSetupMiddleware' option is deprecated. Please use the 'setupMiddlewares' option.
(Use `node --trace-deprecation ...` to show where the warning was created)
(node:18532) [DEP_WEBPACK_DEV_SERVER_ON_BEFORE_SETUP_MIDDLEWARE] DeprecationWarning: 'onBeforeSetupMiddleware' option is deprecated. Please use the 'setupMiddlewares' option.
Starting the development server...

Compiled successfully!

You can now view react-kavia in the browser.

  Local:            http://localhost:3000
  On Your Network:  http://172.17.0.2:3000

Note that the development build is not optimized.
To create a production build, use npm run build.

webpack compiled successfully
Compiling...
Compiled successfully!
webpack compiled successfully
Compiling...
Compiled with warnings.

[eslint] 
src/App.js
  Line 1:51:     'useRef' is defined but never used                                                                         no-unused-vars
  Line 17:10:    'SuccessMessageProvider' is defined but never used                                                         no-unused-vars
  Line 17:34:    'SuccessMessageBanner' is defined but never used                                                           no-unused-vars
  Line 17:56:    'useSuccessMessage' is defined but never used                                                              no-unused-vars
  Line 101:6:    React Hook useEffect has a missing dependency: 'logout'. Either include it or remove the dependency array  react-hooks/exhaustive-deps
  Line 154:6:    React Hook useEffect has a missing dependency: 'user'. Either include it or remove the dependency array    react-hooks/exhaustive-deps
  Line 601:11:   'user' is assigned a value but never used                                                                  no-unused-vars
  Line 601:17:   'token' is assigned a value but never used                                                                 no-unused-vars
  Line 601:76:   'logout' is assigned a value but never used                                                                no-unused-vars
  Line 1108:19:  'user' is assigned a value but never used                                                                  no-unused-vars

Search for the keywords to learn more about each warning.
To ignore, add // eslint-disable-next-line to the line before.

WARNING in [eslint] 
src/App.js
  Line 1:51:     'useRef' is defined but never used                                                                         no-unused-vars
  Line 17:10:    'SuccessMessageProvider' is defined but never used                                                         no-unused-vars
  Line 17:34:    'SuccessMessageBanner' is defined but never used                                                           no-unused-vars
  Line 17:56:    'useSuccessMessage' is defined but never used                                                              no-unused-vars
  Line 101:6:    React Hook useEffect has a missing dependency: 'logout'. Either include it or remove the dependency array  react-hooks/exhaustive-deps
  Line 154:6:    React Hook useEffect has a missing dependency: 'user'. Either include it or remove the dependency array    react-hooks/exhaustive-deps
  Line 601:11:   'user' is assigned a value but never used                                                                  no-unused-vars
  Line 601:17:   'token' is assigned a value but never used                                                                 no-unused-vars
  Line 601:76:   'logout' is assigned a value but never used                                                                no-unused-vars
  Line 1108:19:  'user' is assigned a value but never used                                                                  no-unused-vars

webpack compiled with 1 warning
Compiling...
Compiled with warnings.

[eslint] 
src/App.js
  Line 1:51:     'useRef' is defined but never used                                                                         no-unused-vars
  Line 17:10:    'SuccessMessageProvider' is defined but never used                                                         no-unused-vars
  Line 17:56:    'useSuccessMessage' is defined but never used                                                              no-unused-vars
  Line 101:6:    React Hook useEffect has a missing dependency: 'logout'. Either include it or remove the dependency array  react-hooks/exhaustive-deps
  Line 154:6:    React Hook useEffect has a missing dependency: 'user'. Either include it or remove the dependency array    react-hooks/exhaustive-deps
  Line 601:11:   'user' is assigned a value but never used                                                                  no-unused-vars
  Line 601:17:   'token' is assigned a value but never used                                                                 no-unused-vars
  Line 601:76:   'logout' is assigned a value but never used                                                                no-unused-vars
  Line 1108:19:  'user' is assigned a value but never used                                                                  no-unused-vars

Search for the keywords to learn more about each warning.
To ignore, add // eslint-disable-next-line to the line before.

WARNING in [eslint] 
src/App.js
  Line 1:51:     'useRef' is defined but never used                                                                         no-unused-vars
  Line 17:10:    'SuccessMessageProvider' is defined but never used                                                         no-unused-vars
  Line 17:56:    'useSuccessMessage' is defined but never used                                                              no-unused-vars
  Line 101:6:    React Hook useEffect has a missing dependency: 'logout'. Either include it or remove the dependency array  react-hooks/exhaustive-deps
  Line 154:6:    React Hook useEffect has a missing dependency: 'user'. Either include it or remove the dependency array    react-hooks/exhaustive-deps
  Line 601:11:   'user' is assigned a value but never used                                                                  no-unused-vars
  Line 601:17:   'token' is assigned a value but never used                                                                 no-unused-vars
  Line 601:76:   'logout' is assigned a value but never used                                                                no-unused-vars
  Line 1108:19:  'user' is assigned a value but never used                                                                  no-unused-vars

webpack compiled with 1 warning
Compiling...
Compiled with warnings.

[eslint] 
src/App.js
  Line 1:51:     'useRef' is defined but never used                                                                         no-unused-vars
  Line 17:56:    'useSuccessMessage' is defined but never used                                                              no-unused-vars
  Line 101:6:    React Hook useEffect has a missing dependency: 'logout'. Either include it or remove the dependency array  react-hooks/exhaustive-deps
  Line 154:6:    React Hook useEffect has a missing dependency: 'user'. Either include it or remove the dependency array    react-hooks/exhaustive-deps
  Line 601:11:   'user' is assigned a value but never used                                                                  no-unused-vars
  Line 601:17:   'token' is assigned a value but never used                                                                 no-unused-vars
  Line 601:76:   'logout' is assigned a value but never used                                                                no-unused-vars
  Line 1108:19:  'user' is assigned a value but never used                                                                  no-unused-vars

Search for the keywords to learn more about each warning.
To ignore, add // eslint-disable-next-line to the line before.

WARNING in [eslint] 
src/App.js
  Line 1:51:     'useRef' is defined but never used                                                                         no-unused-vars
  Line 17:56:    'useSuccessMessage' is defined but never used                                                              no-unused-vars
  Line 101:6:    React Hook useEffect has a missing dependency: 'logout'. Either include it or remove the dependency array  react-hooks/exhaustive-deps
  Line 154:6:    React Hook useEffect has a missing dependency: 'user'. Either include it or remove the dependency array    react-hooks/exhaustive-deps
  Line 601:11:   'user' is assigned a value but never used                                                                  no-unused-vars
  Line 601:17:   'token' is assigned a value but never used                                                                 no-unused-vars
  Line 601:76:   'logout' is assigned a value but never used                                                                no-unused-vars
  Line 1108:19:  'user' is assigned a value but never used                                                                  no-unused-vars

webpack compiled with 1 warning
Compiling...
Compiled with warnings.

[eslint] 
src/App.js
  Line 1:51:     'useRef' is defined but never used                                                                         no-unused-vars
  Line 101:6:    React Hook useEffect has a missing dependency: 'logout'. Either include it or remove the dependency array  react-hooks/exhaustive-deps
  Line 154:6:    React Hook useEffect has a missing dependency: 'user'. Either include it or remove the dependency array    react-hooks/exhaustive-deps
  Line 259:11:   'showSuccess' is assigned a value but never used                                                           no-unused-vars
  Line 602:11:   'user' is assigned a value but never used                                                                  no-unused-vars
  Line 602:17:   'token' is assigned a value but never used                                                                 no-unused-vars
  Line 602:76:   'logout' is assigned a value but never used                                                                no-unused-vars
  Line 1109:19:  'user' is assigned a value but never used                                                                  no-unused-vars

Search for the keywords to learn more about each warning.
To ignore, add // eslint-disable-next-line to the line before.

WARNING in [eslint] 
src/App.js
  Line 1:51:     'useRef' is defined but never used                                                                         no-unused-vars
  Line 101:6:    React Hook useEffect has a missing dependency: 'logout'. Either include it or remove the dependency array  react-hooks/exhaustive-deps
  Line 154:6:    React Hook useEffect has a missing dependency: 'user'. Either include it or remove the dependency array    react-hooks/exhaustive-deps
  Line 259:11:   'showSuccess' is assigned a value but never used                                                           no-unused-vars
  Line 602:11:   'user' is assigned a value but never used                                                                  no-unused-vars
  Line 602:17:   'token' is assigned a value but never used                                                                 no-unused-vars
  Line 602:76:   'logout' is assigned a value but never used                                                                no-unused-vars
  Line 1109:19:  'user' is assigned a value but never used                                                                  no-unused-vars

webpack compiled with 1 warning
Compiling...
Compiled with warnings.

[eslint] 
src/App.js
  Line 1:51:     'useRef' is defined but never used                                                                         no-unused-vars
  Line 101:6:    React Hook useEffect has a missing dependency: 'logout'. Either include it or remove the dependency array  react-hooks/exhaustive-deps
  Line 154:6:    React Hook useEffect has a missing dependency: 'user'. Either include it or remove the dependency array    react-hooks/exhaustive-deps
  Line 603:11:   'user' is assigned a value but never used                                                                  no-unused-vars
  Line 603:17:   'token' is assigned a value but never used                                                                 no-unused-vars
  Line 603:76:   'logout' is assigned a value but never used                                                                no-unused-vars
  Line 1110:19:  'user' is assigned a value but never used                                                                  no-unused-vars

Search for the keywords to learn more about each warning.
To ignore, add // eslint-disable-next-line to the line before.

WARNING in [eslint] 
src/App.js
  Line 1:51:     'useRef' is defined but never used                                                                         no-unused-vars
  Line 101:6:    React Hook useEffect has a missing dependency: 'logout'. Either include it or remove the dependency array  react-hooks/exhaustive-deps
  Line 154:6:    React Hook useEffect has a missing dependency: 'user'. Either include it or remove the dependency array    react-hooks/exhaustive-deps
  Line 603:11:   'user' is assigned a value but never used                                                                  no-unused-vars
  Line 603:17:   'token' is assigned a value but never used                                                                 no-unused-vars
  Line 603:76:   'logout' is assigned a value but never used                                                                no-unused-vars
  Line 1110:19:  'user' is assigned a value but never used                                                                  no-unused-vars

webpack compiled with 1 warning
Compiling...
Compiled with warnings.

[eslint] 
src/App.js
  Line 1:51:     'useRef' is defined but never used                                                                         no-unused-vars
  Line 101:6:    React Hook useEffect has a missing dependency: 'logout'. Either include it or remove the dependency array  react-hooks/exhaustive-deps
  Line 154:6:    React Hook useEffect has a missing dependency: 'user'. Either include it or remove the dependency array    react-hooks/exhaustive-deps
  Line 377:11:   'showSuccess' is assigned a value but never used                                                           no-unused-vars
  Line 604:11:   'user' is assigned a value but never used                                                                  no-unused-vars
  Line 604:17:   'token' is assigned a value but never used                                                                 no-unused-vars
  Line 604:76:   'logout' is assigned a value but never used                                                                no-unused-vars
  Line 1111:19:  'user' is assigned a value but never used                                                                  no-unused-vars

Search for the keywords to learn more about each warning.
To ignore, add // eslint-disable-next-line to the line before.

WARNING in [eslint] 
src/App.js
  Line 1:51:     'useRef' is defined but never used                                                                         no-unused-vars
  Line 101:6:    React Hook useEffect has a missing dependency: 'logout'. Either include it or remove the dependency array  react-hooks/exhaustive-deps
  Line 154:6:    React Hook useEffect has a missing dependency: 'user'. Either include it or remove the dependency array    react-hooks/exhaustive-deps
  Line 377:11:   'showSuccess' is assigned a value but never used                                                           no-unused-vars
  Line 604:11:   'user' is assigned a value but never used                                                                  no-unused-vars
  Line 604:17:   'token' is assigned a value but never used                                                                 no-unused-vars
  Line 604:76:   'logout' is assigned a value but never used                                                                no-unused-vars
  Line 1111:19:  'user' is assigned a value but never used                                                                  no-unused-vars

webpack compiled with 1 warning
Compiling...
Compiled with warnings.

[eslint] 
src/App.js
  Line 1:51:     'useRef' is defined but never used                                                                         no-unused-vars
  Line 101:6:    React Hook useEffect has a missing dependency: 'logout'. Either include it or remove the dependency array  react-hooks/exhaustive-deps
  Line 154:6:    React Hook useEffect has a missing dependency: 'user'. Either include it or remove the dependency array    react-hooks/exhaustive-deps
  Line 605:11:   'user' is assigned a value but never used                                                                  no-unused-vars
  Line 605:17:   'token' is assigned a value but never used                                                                 no-unused-vars
  Line 605:76:   'logout' is assigned a value but never used                                                                no-unused-vars
  Line 1112:19:  'user' is assigned a value but never used                                                                  no-unused-vars

Search for the keywords to learn more about each warning.
To ignore, add // eslint-disable-next-line to the line before.

WARNING in [eslint] 
src/App.js
  Line 1:51:     'useRef' is defined but never used                                                                         no-unused-vars
  Line 101:6:    React Hook useEffect has a missing dependency: 'logout'. Either include it or remove the dependency array  react-hooks/exhaustive-deps
  Line 154:6:    React Hook useEffect has a missing dependency: 'user'. Either include it or remove the dependency array    react-hooks/exhaustive-deps
  Line 605:11:   'user' is assigned a value but never used                                                                  no-unused-vars
  Line 605:17:   'token' is assigned a value but never used                                                                 no-unused-vars
  Line 605:76:   'logout' is assigned a value but never used                                                                no-unused-vars
  Line 1112:19:  'user' is assigned a value but never used                                                                  no-unused-vars

webpack compiled with 1 warning
Compiling...
Compiled with warnings.

[eslint] 
src/App.js
  Line 1:51:     'useRef' is defined but never used                                                                         no-unused-vars
  Line 101:6:    React Hook useEffect has a missing dependency: 'logout'. Either include it or remove the dependency array  react-hooks/exhaustive-deps
  Line 154:6:    React Hook useEffect has a missing dependency: 'user'. Either include it or remove the dependency array    react-hooks/exhaustive-deps
  Line 605:11:   'user' is assigned a value but never used                                                                  no-unused-vars
  Line 605:17:   'token' is assigned a value but never used                                                                 no-unused-vars
  Line 605:76:   'logout' is assigned a value but never used                                                                no-unused-vars
  Line 1112:19:  'user' is assigned a value but never used                                                                  no-unused-vars

Search for the keywords to learn more about each warning.
To ignore, add // eslint-disable-next-line to the line before.

WARNING in [eslint] 
src/App.js
  Line 1:51:     'useRef' is defined but never used                                                                         no-unused-vars
  Line 101:6:    React Hook useEffect has a missing dependency: 'logout'. Either include it or remove the dependency array  react-hooks/exhaustive-deps
  Line 154:6:    React Hook useEffect has a missing dependency: 'user'. Either include it or remove the dependency array    react-hooks/exhaustive-deps
  Line 605:11:   'user' is assigned a value but never used                                                                  no-unused-vars
  Line 605:17:   'token' is assigned a value but never used                                                                 no-unused-vars
  Line 605:76:   'logout' is assigned a value but never used                                                                no-unused-vars
  Line 1112:19:  'user' is assigned a value but never used                                                                  no-unused-vars

webpack compiled with 1 warning
Compiling...
Compiled with warnings.

[eslint] 
src/App.js
  Line 1:51:     'useRef' is defined but never used                                                                         no-unused-vars
  Line 101:6:    React Hook useEffect has a missing dependency: 'logout'. Either include it or remove the dependency array  react-hooks/exhaustive-deps
  Line 154:6:    React Hook useEffect has a missing dependency: 'user'. Either include it or remove the dependency array    react-hooks/exhaustive-deps
  Line 605:11:   'user' is assigned a value but never used                                                                  no-unused-vars
  Line 605:17:   'token' is assigned a value but never used                                                                 no-unused-vars
  Line 605:76:   'logout' is assigned a value but never used                                                                no-unused-vars
  Line 1112:19:  'user' is assigned a value but never used                                                                  no-unused-vars

Search for the keywords to learn more about each warning.
To ignore, add // eslint-disable-next-line to the line before.

WARNING in [eslint] 
src/App.js
  Line 1:51:     'useRef' is defined but never used                                                                         no-unused-vars
  Line 101:6:    React Hook useEffect has a missing dependency: 'logout'. Either include it or remove the dependency array  react-hooks/exhaustive-deps
  Line 154:6:    React Hook useEffect has a missing dependency: 'user'. Either include it or remove the dependency array    react-hooks/exhaustive-deps
  Line 605:11:   'user' is assigned a value but never used                                                                  no-unused-vars
  Line 605:17:   'token' is assigned a value but never used                                                                 no-unused-vars
  Line 605:76:   'logout' is assigned a value but never used                                                                no-unused-vars
  Line 1112:19:  'user' is assigned a value but never used                                                                  no-unused-vars

webpack compiled with 1 warning
Compiling...
Compiled with warnings.

[eslint] 
src/App.js
  Line 1:51:     'useRef' is defined but never used                                                                         no-unused-vars
  Line 101:6:    React Hook useEffect has a missing dependency: 'logout'. Either include it or remove the dependency array  react-hooks/exhaustive-deps
  Line 154:6:    React Hook useEffect has a missing dependency: 'user'. Either include it or remove the dependency array    react-hooks/exhaustive-deps
  Line 605:11:   'user' is assigned a value but never used                                                                  no-unused-vars
  Line 605:17:   'token' is assigned a value but never used                                                                 no-unused-vars
  Line 605:76:   'logout' is assigned a value but never used                                                                no-unused-vars
  Line 1116:19:  'user' is assigned a value but never used                                                                  no-unused-vars

Search for the keywords to learn more about each warning.
To ignore, add // eslint-disable-next-line to the line before.

WARNING in [eslint] 
src/App.js
  Line 1:51:     'useRef' is defined but never used                                                                         no-unused-vars
  Line 101:6:    React Hook useEffect has a missing dependency: 'logout'. Either include it or remove the dependency array  react-hooks/exhaustive-deps
  Line 154:6:    React Hook useEffect has a missing dependency: 'user'. Either include it or remove the dependency array    react-hooks/exhaustive-deps
  Line 605:11:   'user' is assigned a value but never used                                                                  no-unused-vars
  Line 605:17:   'token' is assigned a value but never used                                                                 no-unused-vars
  Line 605:76:   'logout' is assigned a value but never used                                                                no-unused-vars
  Line 1116:19:  'user' is assigned a value but never used                                                                  no-unused-vars

webpack compiled with 1 warning
Compiling...
Compiled with warnings.

[eslint] 
src/App.js
  Line 1:51:     'useRef' is defined but never used                                                                         no-unused-vars
  Line 101:6:    React Hook useEffect has a missing dependency: 'logout'. Either include it or remove the dependency array  react-hooks/exhaustive-deps
  Line 154:6:    React Hook useEffect has a missing dependency: 'user'. Either include it or remove the dependency array    react-hooks/exhaustive-deps
  Line 605:11:   'user' is assigned a value but never used                                                                  no-unused-vars
  Line 605:17:   'token' is assigned a value but never used                                                                 no-unused-vars
  Line 605:76:   'logout' is assigned a value but never used                                                                no-unused-vars
  Line 1120:19:  'user' is assigned a value but never used                                                                  no-unused-vars

Search for the keywords to learn more about each warning.
To ignore, add // eslint-disable-next-line to the line before.

WARNING in [eslint] 
src/App.js
  Line 1:51:     'useRef' is defined but never used                                                                         no-unused-vars
  Line 101:6:    React Hook useEffect has a missing dependency: 'logout'. Either include it or remove the dependency array  react-hooks/exhaustive-deps
  Line 154:6:    React Hook useEffect has a missing dependency: 'user'. Either include it or remove the dependency array    react-hooks/exhaustive-deps
  Line 605:11:   'user' is assigned a value but never used                                                                  no-unused-vars
  Line 605:17:   'token' is assigned a value but never used                                                                 no-unused-vars
  Line 605:76:   'logout' is assigned a value but never used                                                                no-unused-vars
  Line 1120:19:  'user' is assigned a value but never used                                                                  no-unused-vars

webpack compiled with 1 warning
Compiling...
Compiled with warnings.

[eslint] 
src/App.js
  Line 1:51:     'useRef' is defined but never used                                                                         no-unused-vars
  Line 101:6:    React Hook useEffect has a missing dependency: 'logout'. Either include it or remove the dependency array  react-hooks/exhaustive-deps
  Line 154:6:    React Hook useEffect has a missing dependency: 'user'. Either include it or remove the dependency array    react-hooks/exhaustive-deps
  Line 605:11:   'user' is assigned a value but never used                                                                  no-unused-vars
  Line 605:17:   'token' is assigned a value but never used                                                                 no-unused-vars
  Line 605:76:   'logout' is assigned a value but never used                                                                no-unused-vars
  Line 1125:19:  'user' is assigned a value but never used                                                                  no-unused-vars

Search for the keywords to learn more about each warning.
To ignore, add // eslint-disable-next-line to the line before.

WARNING in [eslint] 
src/App.js
  Line 1:51:     'useRef' is defined but never used                                                                         no-unused-vars
  Line 101:6:    React Hook useEffect has a missing dependency: 'logout'. Either include it or remove the dependency array  react-hooks/exhaustive-deps
  Line 154:6:    React Hook useEffect has a missing dependency: 'user'. Either include it or remove the dependency array    react-hooks/exhaustive-deps
  Line 605:11:   'user' is assigned a value but never used                                                                  no-unused-vars
  Line 605:17:   'token' is assigned a value but never used                                                                 no-unused-vars
  Line 605:76:   'logout' is assigned a value but never used                                                                no-unused-vars
  Line 1125:19:  'user' is assigned a value but never used                                                                  no-unused-vars

webpack compiled with 1 warning
Compiling...
Compiled with warnings.

[eslint] 
src/App.js
  Line 1:51:     'useRef' is defined but never used                                                                         no-unused-vars
  Line 101:6:    React Hook useEffect has a missing dependency: 'logout'. Either include it or remove the dependency array  react-hooks/exhaustive-deps
  Line 154:6:    React Hook useEffect has a missing dependency: 'user'. Either include it or remove the dependency array    react-hooks/exhaustive-deps
  Line 605:11:   'user' is assigned a value but never used                                                                  no-unused-vars
  Line 605:17:   'token' is assigned a value but never used                                                                 no-unused-vars
  Line 605:76:   'logout' is assigned a value but never used                                                                no-unused-vars
  Line 1125:19:  'user' is assigned a value but never used                                                                  no-unused-vars

Search for the keywords to learn more about each warning.
To ignore, add // eslint-disable-next-line to the line before.

WARNING in [eslint] 
src/App.js
  Line 1:51:     'useRef' is defined but never used                                                                         no-unused-vars
  Line 101:6:    React Hook useEffect has a missing dependency: 'logout'. Either include it or remove the dependency array  react-hooks/exhaustive-deps
  Line 154:6:    React Hook useEffect has a missing dependency: 'user'. Either include it or remove the dependency array    react-hooks/exhaustive-deps
  Line 605:11:   'user' is assigned a value but never used                                                                  no-unused-vars
  Line 605:17:   'token' is assigned a value but never used                                                                 no-unused-vars
  Line 605:76:   'logout' is assigned a value but never used                                                                no-unused-vars
  Line 1125:19:  'user' is assigned a value but never used                                                                  no-unused-vars

webpack compiled with 1 warning
Compiling...
Compiled with warnings.

[eslint] 
src/App.js
  Line 1:51:     'useRef' is defined but never used                                                                         no-unused-vars
  Line 101:6:    React Hook useEffect has a missing dependency: 'logout'. Either include it or remove the dependency array  react-hooks/exhaustive-deps
  Line 154:6:    React Hook useEffect has a missing dependency: 'user'. Either include it or remove the dependency array    react-hooks/exhaustive-deps
  Line 605:11:   'user' is assigned a value but never used                                                                  no-unused-vars
  Line 605:17:   'token' is assigned a value but never used                                                                 no-unused-vars
  Line 605:76:   'logout' is assigned a value but never used                                                                no-unused-vars
  Line 1125:19:  'user' is assigned a value but never used                                                                  no-unused-vars

src/pages/ProjectDetailPage.js
  Line 5:10:  'useSuccessMessage' is defined but never used  no-unused-vars

Search for the keywords to learn more about each warning.
To ignore, add // eslint-disable-next-line to the line before.

WARNING in [eslint] 
src/App.js
  Line 1:51:     'useRef' is defined but never used                                                                         no-unused-vars
  Line 101:6:    React Hook useEffect has a missing dependency: 'logout'. Either include it or remove the dependency array  react-hooks/exhaustive-deps
  Line 154:6:    React Hook useEffect has a missing dependency: 'user'. Either include it or remove the dependency array    react-hooks/exhaustive-deps
  Line 605:11:   'user' is assigned a value but never used                                                                  no-unused-vars
  Line 605:17:   'token' is assigned a value but never used                                                                 no-unused-vars
  Line 605:76:   'logout' is assigned a value but never used                                                                no-unused-vars
  Line 1125:19:  'user' is assigned a value but never used                                                                  no-unused-vars

src/pages/ProjectDetailPage.js
  Line 5:10:  'useSuccessMessage' is defined but never used  no-unused-vars

webpack compiled with 1 warning
Compiling...
Compiled with warnings.

[eslint] 
src/App.js
  Line 1:51:     'useRef' is defined but never used                                                                         no-unused-vars
  Line 101:6:    React Hook useEffect has a missing dependency: 'logout'. Either include it or remove the dependency array  react-hooks/exhaustive-deps
  Line 154:6:    React Hook useEffect has a missing dependency: 'user'. Either include it or remove the dependency array    react-hooks/exhaustive-deps
  Line 605:11:   'user' is assigned a value but never used                                                                  no-unused-vars
  Line 605:17:   'token' is assigned a value but never used                                                                 no-unused-vars
  Line 605:76:   'logout' is assigned a value but never used                                                                no-unused-vars
  Line 1125:19:  'user' is assigned a value but never used                                                                  no-unused-vars

src/pages/ProjectDetailPage.js
  Line 5:10:  'useSuccessMessage' is defined but never used  no-unused-vars

src/pages/TeamDetailPage.js
  Line 5:10:  'useSuccessMessage' is defined but never used  no-unused-vars

Search for the keywords to learn more about each warning.
To ignore, add // eslint-disable-next-line to the line before.

WARNING in [eslint] 
src/App.js
  Line 1:51:     'useRef' is defined but never used                                                                         no-unused-vars
  Line 101:6:    React Hook useEffect has a missing dependency: 'logout'. Either include it or remove the dependency array  react-hooks/exhaustive-deps
  Line 154:6:    React Hook useEffect has a missing dependency: 'user'. Either include it or remove the dependency array    react-hooks/exhaustive-deps
  Line 605:11:   'user' is assigned a value but never used                                                                  no-unused-vars
  Line 605:17:   'token' is assigned a value but never used                                                                 no-unused-vars
  Line 605:76:   'logout' is assigned a value but never used                                                                no-unused-vars
  Line 1125:19:  'user' is assigned a value but never used                                                                  no-unused-vars

src/pages/ProjectDetailPage.js
  Line 5:10:  'useSuccessMessage' is defined but never used  no-unused-vars

src/pages/TeamDetailPage.js
  Line 5:10:  'useSuccessMessage' is defined but never used  no-unused-vars

webpack compiled with 1 warning
